// Jest Snapshot v1, https://goo.gl/fbAQLP

exports[`should render 404NotFound page correctly 1`] = `
<div>
  404 Not Found! 
  <[object Object]
    to="/"
  >
    Goto Home Page
  </[object Object]>
</div>
`;
