// Jest Snapshot v1, https://goo.gl/fbAQLP

exports[`should render EditExpensePage Correctly 1`] = `
<div>
  <h1>
    Edit Expense
  </h1>
  <ExpenseForm
    buttonTitle="Edit Expense"
    expense={
      Object {
        "amount": 195,
        "createdAt": 0,
        "description": "Water Bill",
        "id": 1,
        "note": "",
      }
    }
    onSubmit={[Function]}
  />
  <button
    onClick={[Function]}
  >
    Remove
  </button>
</div>
`;
