// Jest Snapshot v1, https://goo.gl/fbAQLP

exports[`should expenseListItem with fixture data 1`] = `
<div>
  <[object Object]
    to="/edit/2"
  >
    <h3>
      Gas Bill
    </h3>
  </[object Object]>
  <p>
    $109,500.00
     - 
    December 28th, 1969
  </p>
</div>
`;
