// Jest Snapshot v1, https://goo.gl/fbAQLP

exports[`should render loginpage correctly 1`] = `
<div
  className="box-layout"
>
  <div
    className="box-layout__box"
  >
    <h1
      className="box-layout__title"
    >
      Expansify App
    </h1>
    <p>
      It's time to get expenses to get control.
    </p>
    <button
      className="button"
      onClick={[Function]}
    >
      Login
    </button>
  </div>
</div>
`;
